node.exe : [31mΓ£ù[39m 
Build failed in 810ms
At C:\Program 
Files\nodejs\npx.ps1:29 
char:3
+   & $NODE_EXE $NPX_CLI_JS 
$args
+   ~~~~~~~~~~~~~~~~~~~~~~~~
~~~~~
    + CategoryInfo          
    : NotSpecified: ([31m  
  Γ£ù[39m Build failed i   
 n 810ms:String) [], Rem    
oteException
    + FullyQualifiedErrorId 
    : NativeCommandError
 
[31merror during build:
[31m[vite:esbuild] 
Transform failed with 1 
error:
D:/infotech-lanuch/auto-refe
r/frontend/src/pages/Custome
rLanding.jsx:157:62: ERROR: 
Expected "}" but found 
"m"[31m
file: [36mD:/infotech-lanuc
h/auto-refer/frontend/src/pa
ges/CustomerLanding.jsx:157:
62[31m
[33m
[33mExpected "}" but found 
"m"[33m
155 |                  >
156 |                    
<Sparkles className="w-4 
h-4" />
157 |                    
{showInfluencer ? 'Hide 
social fields' : 'I'm a 
content creator / 
influencer'}
    |                       
                            
             ^
158 |                  
</button>
159 |  
[31m
    at failureErrorWithLog (
D:\infotech-lanuch\auto-refe
r\frontend\node_modules\esbu
ild\lib\main.js:1467:15)
    at D:\infotech-lanuch\au
to-refer\frontend\node_modul
es\esbuild\lib\main.js:736:5
0
    at responseCallbacks.<co
mputed> (D:\infotech-lanuch\
auto-refer\frontend\node_mod
ules\esbuild\lib\main.js:603
:9)
    at handleIncomingPacket 
(D:\infotech-lanuch\auto-ref
er\frontend\node_modules\esb
uild\lib\main.js:658:12)
    at 
Socket.readFromStdout (D:\in
fotech-lanuch\auto-refer\fro
ntend\node_modules\esbuild\l
ib\main.js:581:7)
    at Socket.emit 
(node:events:524:28)
    at addChunk (node:intern
al/streams/readable:561:12)
    at readableAddChunkPushB
yteMode (node:internal/strea
ms/readable:512:3)
    at Readable.push (node:i
nternal/streams/readable:392
:5)
    at Pipe.onStreamRead (no
de:internal/stream_base_comm
ons:189:23)[39m
